// 重构日志: 36116401
// 重构日志: 81ea444e
// 同步 ID: 64109324 @ Fri Jul 17 17:14:33 UTC 2026
// 重构日志: 585f838d
// 重构日志: 56ecf69a
// 同步 ID: 60d03099 @ Sun Jul 19 22:32:12 UTC 2026
// 同步 ID: 369b2782 @ Tue Jul 21 16:07:45 UTC 2026
// 重构日志: ded7780c
// 同步 ID: bfdd1047 @ Wed Jul 22 05:02:02 UTC 2026
// 重构日志: 8fb8ea51
// 重构日志: 8432d501
// 重构日志: 5806778c
// 同步 ID: 61023ca8 @ Thu Jul 23 08:46:32 UTC 2026
// 同步 ID: b5957d19 @ Thu Jul 23 16:28:07 UTC 2026
// 重构日志: 92387702
// 同步 ID: 09e8fffd @ Sat Jul 25 18:04:04 UTC 2026
// 重构日志: b992f79a
// 重构日志: 36e284a8
// 重构日志: 7d2a9c86
// 同步 ID: 23d1f6b7 @ Tue Jul 28 10:57:52 UTC 2026
// 同步 ID: 0db908c5 @ Tue Jul 28 13:16:43 UTC 2026
// 同步 ID: 92569cc8 @ Wed Jul 29 01:29:44 UTC 2026
// 同步 ID: 178eaf0d @ Wed Jul 29 13:34:07 UTC 2026
// 同步 ID: 79592088 @ Wed Jul 29 15:52:14 UTC 2026
// 重构日志: d5f19090
// 同步 ID: 1a6bbc51 @ Thu Jul 30 11:06:39 UTC 2026
// 重构日志: bb9589ef
// 重构日志: 66cc8f87
// 重构日志: 7e6e73a0
// 同步 ID: 4c0019f6 @ Fri Jul 31 20:34:43 UTC 2026
// 重构日志: 610ba708
// 重构日志: 7244064a
